[Parallel(n_jobs=-1)]: Using backend SequentialBackend with 1 concurrent workers.
[Parallel(n_jobs=-1)]: Done 640 out of 640 | elapsed: 14.4min finished
0.7496924969249692
Fitting 5 folds for each of 128 candidates, totalling 640 fits
acc 0.7537327499556554
param {'max_depth': 12, 'n_estimators': 100, 'min_samples_split': 10, 'min_samples_leaf': 3}
